/ -> /
a -> .
a/ -> a/..
a/// -> a///..
a/b -> a
a/b/ -> a/b/..
.. -> ../..
. -> ..
 -> ..
 -> {|}
. -> {|.}
b -> {|b}
b/ -> {b|}
a/b -> {a|b}
/a -> {/|a}
 -> {|NONE}
.login -> {.login|NONE}
/.login -> {/.login|NONE}
a -> {a|NONE}
a. -> {a.|NONE}
a.b -> {a|b}
a.b.c -> {a.b|c}
.news/comp -> {.news/comp|NONE}
 -> .
a/../b -> b
/a/../.. -> /
./a//b/ -> a/b
../x -> ../x
a/b ../b /a/b
