(* after codegen *)
globals 1
function 0 <toplevel> (locals 1)
  ; 0:4:5
    CLOSURE 1 0
    SETGLOBAL 0
    UNIT 
    POP 
    UNIT 
    RET 
function 1 add (locals 5)
  ; 0:4:5
    LOCAL 0
    SELECT 0
    SETLOCAL 1
    LOCAL 1
    SETLOCAL 2
    LOCAL 0
    SELECT 1
    SETLOCAL 3
    LOCAL 3
    SETLOCAL 4
  ; 0:4:18
    LOCAL 2
    LOCAL 4
    PRIM 2
    RET 

