(* after lower *)
function f0 <toplevel> (v1, 0 captured)
  b0:
    v2 = closure f1 
    v3 = setglobal g1 v2
    v4 = closure f3 
    v5 = setglobal g2 v4
    v6 = closure f4 
    v7 = setglobal g3 v6
    push b2
    v8 = global g3
    v9 = con0 0
    v10 = call v8 v9
    v11 = const 0
    v12 = prim int_div v10 v11
    pop
    goto b1 v12
  b2(v13):
    v14 = exncon v13
    v15 = builtinexn 3
    v16 = prim ptr_eq v14 v15
    if v16 b4 b5
  b4:
    v17 = const ~1
    goto b1 v17
  b5:
    goto b3
  b3:
    raise v13
  b1(v18):
    v19 = setglobal g4 v18
    v20 = global g4
    v21 = const 0
    v22 = prim int_gt v20 v21
    if v22 b8 b9
  b8:
    v23 = global g1
    v24 = const 1
    v25 = call v23 v24
    goto b7 v25
  b9:
    v26 = global g1
    v27 = const 2
    v28 = call v26 v27
    goto b7 v28
  b7(v29):
    v30 = const 3
    v31 = call v29 v30
    goto b6 v31
  b6(v32):
    v33 = setglobal g5 v32
    v34 = ()
    return v34
function f1 adder (v1, 0 captured)
  b0:
    v2 = closure f2 v1
    return v2
function f2 fn (v1, 1 captured)
  b0:
    v2 = env 0
    v3 = prim int_add v1 v2
    return v3
function f3 count (v1, 0 captured)
  b0:
    v2 = select 0 v1
    v3 = select 1 v1
    v4 = const 0
    v5 = prim poly_eq v2 v4
    if v5 b1 b2
  b1:
    return v3
  b2:
    v6 = const 1
    v7 = prim int_sub v2 v6
    v8 = const 1
    v9 = prim int_add v3 v8
    v10 = tuple v7 v9
    v11 = global g2
    tailcall v11 v10
function f4 first (v1, 0 captured)
  b0:
    iftag v1 0 b2 b3
  b2:
    v2 = const 0
    return v2
  b3:
    goto b1
  b1:
    iftag v1 1 b5 b6
  b5:
    v3 = decon v1
    v4 = select 0 v3
    return v4
  b6:
    goto b4
  b4:
    v5 = builtinexn 0
    v6 = ()
    v7 = mkexn v5 v6
    raise v7
